$ vite build
[36mvite v7.3.1 [32mbuilding ssr environment for production...[36m[39m
transforming...
14.53.59 [vite-plugin-svelte] src/routes/(authenticated)/(settings)/settings/accounting/+page.svelte:269:28 `<svelte:component>` is deprecated in runes mode — components are dynamic by default
https://svelte.dev/e/svelte_component_deprecated
267:                             )}"
268:                         >
269:                             <svelte:component
                                   ^
270:                                 this={group.icon}
271:                                 class="h-5 w-5"
14.53.59 [vite-plugin-svelte] src/routes/(authenticated)/(settings)/settings/accounting/+page.svelte:291:44 `<svelte:component>` is deprecated in runes mode — components are dynamic by default
https://svelte.dev/e/svelte_component_deprecated
289:                                     >
290:                                         {#if TYPE_ICONS[type]}
291:                                             <svelte:component
                                                   ^
292:                                                 this={TYPE_ICONS[type]}
293:                                                 class="h-4 w-4 text-slate-400 shrink-0"
[32m✓[39m 4168 modules transformed.
[31m✗[39m Build failed in 21.39s
[31merror during build:
[31m[commonjs--resolver] Failed to resolve entry for package "zod". The package may have incorrect main/module/exports specified in its package.json.[31m
    at packageEntryFailure (file:///C:/Users/Good/Documents/web/coba/node_modules/.bun/vite@7.3.1/node_modules/vite/dist/node/chunks/config.js:32816:32)
    at resolvePackageEntry (file:///C:/Users/Good/Documents/web/coba/node_modules/.bun/vite@7.3.1/node_modules/vite/dist/node/chunks/config.js:32813:2)
    at tryNodeResolve (file:///C:/Users/Good/Documents/web/coba/node_modules/.bun/vite@7.3.1/node_modules/vite/dist/node/chunks/config.js:32716:70)
    at Object.handler (file:///C:/Users/Good/Documents/web/coba/node_modules/.bun/vite@7.3.1/node_modules/vite/dist/node/chunks/config.js:32555:16)
    at Object.handler (file:///C:/Users/Good/Documents/web/coba/node_modules/.bun/vite@7.3.1/node_modules/vite/dist/node/chunks/config.js:33706:13)
    at file:///C:/Users/Good/Documents/web/coba/node_modules/.bun/rollup@4.59.0/node_modules/rollup/dist/es/shared/node-entry.js:22571:40
    at async PluginDriver.hookFirstAndGetPlugin (file:///C:/Users/Good/Documents/web/coba/node_modules/.bun/rollup@4.59.0/node_modules/rollup/dist/es/shared/node-entry.js:22453:28)
    at async resolveId (file:///C:/Users/Good/Documents/web/coba/node_modules/.bun/rollup@4.59.0/node_modules/rollup/dist/es/shared/node-entry.js:20912:26)
    at async ModuleLoader.resolveId (file:///C:/Users/Good/Documents/web/coba/node_modules/.bun/rollup@4.59.0/node_modules/rollup/dist/es/shared/node-entry.js:21358:15)
    at async Object.resolveId (file:///C:/Users/Good/Documents/web/coba/node_modules/.bun/@sveltejs+kit@2.53.1+03680d62c662b18c/node_modules/@sveltejs/kit/src/exports/vite/index.js:572:22)[39m
error: script "build" exited with code 1
