$ svelte-kit sync && svelte-check --tsconfig ./tsconfig.json
Loading svelte-check in workspace: c:\Users\Good\Documents\web\coba\apps\frontend
Getting Svelte diagnostics...

c:\Users\Good\Documents\web\coba\apps\frontend\[32msrc\lib\shared\components\ui\select\select-value.svelte[39m:9:18
[31mError[39m: Property 'Value' does not exist on type 'typeof import("C:/Users/Good/Documents/web/coba/node_modules/.bun/bits-ui@1.8.0+3fc9a5d0a3d5bfca/node_modules/bits-ui/dist/bits/select/exports")'. (ts)
[36m<!-- svelte-ignore a11y_missing_attribute -->
<SelectPrimitive.[35mValue[36m bind:ref {placeholder} {...restProps} />[39m

c:\Users\Good\Documents\web\coba\apps\frontend\[32msrc\routes\(authenticated)\(dashboards)\warehouse\reception\[id]\+page.svelte[39m:30:25
[31mError[39m: Cannot find name 'PurchaseDetail'. (ts)
[36m
    let purchaseDetail: [35mPurchaseDetail[36m | null = $state(null);
    let error: string | null = $state(null);[39m

c:\Users\Good\Documents\web\coba\apps\frontend\[32msrc\routes\(authenticated)\(settings)\settings\accounting\+page.svelte[39m:269:29
[33mWarn[39m: `<svelte:component>` is deprecated in runes mode — components are dynamic by default
https://svelte.dev/e/svelte_component_deprecated (svelte)
[36m                        >
                            [35m<svelte:component
                                this={group.icon}
                                class="h-5 w-5"
                            />[36m
                        </div>[39m

c:\Users\Good\Documents\web\coba\apps\frontend\[32msrc\routes\(authenticated)\(settings)\settings\accounting\+page.svelte[39m:291:45
[33mWarn[39m: `<svelte:component>` is deprecated in runes mode — components are dynamic by default
https://svelte.dev/e/svelte_component_deprecated (svelte)
[36m                                        {#if TYPE_ICONS[type]}
                                            [35m<svelte:component
                                                this={TYPE_ICONS[type]}
                                                class="h-4 w-4 text-slate-400 shrink-0"
                                            />[36m
                                        {:else}[39m

c:\Users\Good\Documents\web\coba\apps\frontend\[32msrc\routes\(authenticated)\(settings)\settings\legacy\+page.svelte[39m:17:46
[31mError[39m: Cannot find module '$lib/features/settings/legacy.controller.svelte' or its corresponding type declarations. (ts)
[36m    } from "lucide-svelte";
    import { LegacySettingsController } from [35m"$lib/features/settings/legacy.controller.svelte"[36m;[39m

c:\Users\Good\Documents\web\coba\apps\frontend\[32msrc\routes\(authenticated)\(settings)\settings\legacy\+page.svelte[39m:20:32
[31mError[39m: Cannot find module '$lib/features/settings/components/legacy-tabs/LegacyStoreTab.svelte' or its corresponding type declarations. (ts)
[36m    // Tab Components
    import LegacyStoreTab from [35m"$lib/features/settings/components/legacy-tabs/LegacyStoreTab.svelte"[36m;
    import LegacyReceiptTab from "$lib/features/settings/components/legacy-tabs/LegacyReceiptTab.svelte";[39m

c:\Users\Good\Documents\web\coba\apps\frontend\[32msrc\routes\(authenticated)\(settings)\settings\legacy\+page.svelte[39m:21:34
[31mError[39m: Cannot find module '$lib/features/settings/components/legacy-tabs/LegacyReceiptTab.svelte' or its corresponding type declarations. (ts)
[36m    import LegacyStoreTab from "$lib/features/settings/components/legacy-tabs/LegacyStoreTab.svelte";
    import LegacyReceiptTab from [35m"$lib/features/settings/components/legacy-tabs/LegacyReceiptTab.svelte"[36m;
    import LegacyServiceTab from "$lib/features/settings/components/legacy-tabs/LegacyServiceTab.svelte";[39m

c:\Users\Good\Documents\web\coba\apps\frontend\[32msrc\routes\(authenticated)\(settings)\settings\legacy\+page.svelte[39m:22:34
[31mError[39m: Cannot find module '$lib/features/settings/components/legacy-tabs/LegacyServiceTab.svelte' or its corresponding type declarations. (ts)
[36m    import LegacyReceiptTab from "$lib/features/settings/components/legacy-tabs/LegacyReceiptTab.svelte";
    import LegacyServiceTab from [35m"$lib/features/settings/components/legacy-tabs/LegacyServiceTab.svelte"[36m;
    import LegacyWhatsappTab from "$lib/features/settings/components/legacy-tabs/LegacyWhatsappTab.svelte";[39m

c:\Users\Good\Documents\web\coba\apps\frontend\[32msrc\routes\(authenticated)\(settings)\settings\legacy\+page.svelte[39m:23:35
[31mError[39m: Cannot find module '$lib/features/settings/components/legacy-tabs/LegacyWhatsappTab.svelte' or its corresponding type declarations. (ts)
[36m    import LegacyServiceTab from "$lib/features/settings/components/legacy-tabs/LegacyServiceTab.svelte";
    import LegacyWhatsappTab from [35m"$lib/features/settings/components/legacy-tabs/LegacyWhatsappTab.svelte"[36m;
    import LegacyPaymentTab from "$lib/features/settings/components/legacy-tabs/LegacyPaymentTab.svelte";[39m

c:\Users\Good\Documents\web\coba\apps\frontend\[32msrc\routes\(authenticated)\(settings)\settings\legacy\+page.svelte[39m:24:34
[31mError[39m: Cannot find module '$lib/features/settings/components/legacy-tabs/LegacyPaymentTab.svelte' or its corresponding type declarations. (ts)
[36m    import LegacyWhatsappTab from "$lib/features/settings/components/legacy-tabs/LegacyWhatsappTab.svelte";
    import LegacyPaymentTab from [35m"$lib/features/settings/components/legacy-tabs/LegacyPaymentTab.svelte"[36m;
    import LegacyUsersTab from "$lib/features/settings/components/legacy-tabs/LegacyUsersTab.svelte";[39m

c:\Users\Good\Documents\web\coba\apps\frontend\[32msrc\routes\(authenticated)\(settings)\settings\legacy\+page.svelte[39m:25:32
[31mError[39m: Cannot find module '$lib/features/settings/components/legacy-tabs/LegacyUsersTab.svelte' or its corresponding type declarations. (ts)
[36m    import LegacyPaymentTab from "$lib/features/settings/components/legacy-tabs/LegacyPaymentTab.svelte";
    import LegacyUsersTab from [35m"$lib/features/settings/components/legacy-tabs/LegacyUsersTab.svelte"[36m;
    import LegacyAccountTab from "$lib/features/settings/components/legacy-tabs/LegacyAccountTab.svelte";[39m

c:\Users\Good\Documents\web\coba\apps\frontend\[32msrc\routes\(authenticated)\(settings)\settings\legacy\+page.svelte[39m:26:34
[31mError[39m: Cannot find module '$lib/features/settings/components/legacy-tabs/LegacyAccountTab.svelte' or its corresponding type declarations. (ts)
[36m    import LegacyUsersTab from "$lib/features/settings/components/legacy-tabs/LegacyUsersTab.svelte";
    import LegacyAccountTab from [35m"$lib/features/settings/components/legacy-tabs/LegacyAccountTab.svelte"[36m;[39m

====================================
[31msvelte-check found 10 errors and 2 warnings in 4 files
[39merror: script "check" exited with code 1
