$ tsc --noEmit
src/modules/accounting/presentation/accounting.routes.ts(26,42): error TS2769: No overload matches this call.
  Overload 1 of 2, '(target: "json", schema: ZodSchema): MiddlewareHandler<Env, string, DefaultInput<"json", any, any>>', gave the following error.
    Argument of type 'ZodObject<{ code: ZodString; name: ZodString; typeId: ZodString; parentId: ZodOptional<ZodString>; description: ZodOptional<ZodString>; }, "strip", ZodTypeAny, { ...; }, { ...; }>' is not assignable to parameter of type 'ZodSchema'.
      Type 'ZodObject<{ code: ZodString; name: ZodString; typeId: ZodString; parentId: ZodOptional<ZodString>; description: ZodOptional<ZodString>; }, "strip", ZodTypeAny, { ...; }, { ...; }>' is missing the following properties from type 'ZodType<any, ZodTypeDef, any, core.$ZodTypeInternals<Output, Input>>': "~standard", "~validate", openapi
  Overload 2 of 2, '(target: "json", schema: ZodSchema, hook?: Hook<any, Env, string, "json", {}, ZodSchema> | undefined, options?: { validationFunction: (schema: ZodSchema, value: any) => SafeParseReturnType<...> | ... 1 more ... | Promise<...>; } | undefined): MiddlewareHandler<...>', gave the following error.
    Argument of type 'ZodObject<{ code: ZodString; name: ZodString; typeId: ZodString; parentId: ZodOptional<ZodString>; description: ZodOptional<ZodString>; }, "strip", ZodTypeAny, { ...; }, { ...; }>' is not assignable to parameter of type 'ZodSchema'.
      Type 'ZodObject<{ code: ZodString; name: ZodString; typeId: ZodString; parentId: ZodOptional<ZodString>; description: ZodOptional<ZodString>; }, "strip", ZodTypeAny, { ...; }, { ...; }>' is missing the following properties from type 'ZodType<any, ZodTypeDef, any, core.$ZodTypeInternals<Output, Input>>': "~standard", "~validate", openapi
src/modules/brands/presentation/brands.routes.ts(28,24): error TS2769: No overload matches this call.
  Overload 1 of 2, '(target: "json", schema: ZodSchema): MiddlewareHandler<Env, string, DefaultInput<"json", any, any>>', gave the following error.
    Argument of type 'ZodObject<{ id: ZodString; name: ZodString; logo: ZodOptional<ZodString>; }, "strip", ZodTypeAny, { id: string; name: string; logo?: string | undefined; }, { ...; }>' is not assignable to parameter of type 'ZodSchema'.
      Type 'ZodObject<{ id: ZodString; name: ZodString; logo: ZodOptional<ZodString>; }, "strip", ZodTypeAny, { id: string; name: string; logo?: string | undefined; }, { ...; }>' is missing the following properties from type 'ZodType<any, ZodTypeDef, any, core.$ZodTypeInternals<Output, Input>>': "~standard", "~validate", openapi
  Overload 2 of 2, '(target: "json", schema: ZodSchema, hook?: Hook<any, Env, string, "json", {}, ZodSchema> | undefined, options?: { validationFunction: (schema: ZodSchema, value: any) => SafeParseReturnType<...> | ... 1 more ... | Promise<...>; } | undefined): MiddlewareHandler<...>', gave the following error.
    Argument of type 'ZodObject<{ id: ZodString; name: ZodString; logo: ZodOptional<ZodString>; }, "strip", ZodTypeAny, { id: string; name: string; logo?: string | undefined; }, { ...; }>' is not assignable to parameter of type 'ZodSchema'.
      Type 'ZodObject<{ id: ZodString; name: ZodString; logo: ZodOptional<ZodString>; }, "strip", ZodTypeAny, { id: string; name: string; logo?: string | undefined; }, { ...; }>' is missing the following properties from type 'ZodType<any, ZodTypeDef, any, core.$ZodTypeInternals<Output, Input>>': "~standard", "~validate", openapi
src/modules/brands/presentation/brands.routes.ts(36,24): error TS2769: No overload matches this call.
  Overload 1 of 2, '(target: "json", schema: ZodSchema): MiddlewareHandler<Env, string, DefaultInput<"json", any, any>>', gave the following error.
    Argument of type 'ZodObject<{ name: ZodOptional<ZodString>; logo: ZodOptional<ZodString>; }, "strip", ZodTypeAny, { name?: string | undefined; logo?: string | undefined; }, { ...; }>' is not assignable to parameter of type 'ZodSchema'.
      Type 'ZodObject<{ name: ZodOptional<ZodString>; logo: ZodOptional<ZodString>; }, "strip", ZodTypeAny, { name?: string | undefined; logo?: string | undefined; }, { ...; }>' is missing the following properties from type 'ZodType<any, ZodTypeDef, any, core.$ZodTypeInternals<Output, Input>>': "~standard", "~validate", openapi
  Overload 2 of 2, '(target: "json", schema: ZodSchema, hook?: Hook<any, Env, string, "json", {}, ZodSchema> | undefined, options?: { validationFunction: (schema: ZodSchema, value: any) => SafeParseReturnType<...> | ... 1 more ... | Promise<...>; } | undefined): MiddlewareHandler<...>', gave the following error.
    Argument of type 'ZodObject<{ name: ZodOptional<ZodString>; logo: ZodOptional<ZodString>; }, "strip", ZodTypeAny, { name?: string | undefined; logo?: string | undefined; }, { ...; }>' is not assignable to parameter of type 'ZodSchema'.
      Type 'ZodObject<{ name: ZodOptional<ZodString>; logo: ZodOptional<ZodString>; }, "strip", ZodTypeAny, { name?: string | undefined; logo?: string | undefined; }, { ...; }>' is missing the following properties from type 'ZodType<any, ZodTypeDef, any, core.$ZodTypeInternals<Output, Input>>': "~standard", "~validate", openapi
src/modules/categories/presentation/categories.routes.ts(23,71): error TS2769: No overload matches this call.
  Overload 1 of 2, '(target: "json", schema: ZodSchema): MiddlewareHandler<Env, string, DefaultInput<"json", any, any>>', gave the following error.
    Argument of type 'ZodObject<{ name: ZodString; description: ZodOptional<ZodString>; parentId: ZodNullable<ZodOptional<ZodString>>; variants: ZodOptional<...>; }, "strip", ZodTypeAny, { ...; }, { ...; }>' is not assignable to parameter of type 'ZodSchema'.
      Type 'ZodObject<{ name: ZodString; description: ZodOptional<ZodString>; parentId: ZodNullable<ZodOptional<ZodString>>; variants: ZodOptional<...>; }, "strip", ZodTypeAny, { ...; }, { ...; }>' is missing the following properties from type 'ZodType<any, ZodTypeDef, any, core.$ZodTypeInternals<Output, Input>>': "~standard", "~validate", openapi
  Overload 2 of 2, '(target: "json", schema: ZodSchema, hook?: Hook<any, Env, string, "json", {}, ZodSchema> | undefined, options?: { validationFunction: (schema: ZodSchema, value: any) => SafeParseReturnType<...> | ... 1 more ... | Promise<...>; } | undefined): MiddlewareHandler<...>', gave the following error.
    Argument of type 'ZodObject<{ name: ZodString; description: ZodOptional<ZodString>; parentId: ZodNullable<ZodOptional<ZodString>>; variants: ZodOptional<...>; }, "strip", ZodTypeAny, { ...; }, { ...; }>' is not assignable to parameter of type 'ZodSchema'.
      Type 'ZodObject<{ name: ZodString; description: ZodOptional<ZodString>; parentId: ZodNullable<ZodOptional<ZodString>>; variants: ZodOptional<...>; }, "strip", ZodTypeAny, { ...; }, { ...; }>' is missing the following properties from type 'ZodType<any, ZodTypeDef, any, core.$ZodTypeInternals<Output, Input>>': "~standard", "~validate", openapi
src/modules/categories/presentation/categories.routes.ts(24,73): error TS2769: No overload matches this call.
  Overload 1 of 2, '(target: "json", schema: ZodSchema): MiddlewareHandler<Env, string, DefaultInput<"json", any, any>>', gave the following error.
    Argument of type 'ZodObject<{ name: ZodString; description: ZodOptional<ZodString>; parentId: ZodNullable<ZodOptional<ZodString>>; variants: ZodOptional<...>; }, "strip", ZodTypeAny, { ...; }, { ...; }>' is not assignable to parameter of type 'ZodSchema'.
      Type 'ZodObject<{ name: ZodString; description: ZodOptional<ZodString>; parentId: ZodNullable<ZodOptional<ZodString>>; variants: ZodOptional<...>; }, "strip", ZodTypeAny, { ...; }, { ...; }>' is missing the following properties from type 'ZodType<any, ZodTypeDef, any, core.$ZodTypeInternals<Output, Input>>': "~standard", "~validate", openapi
  Overload 2 of 2, '(target: "json", schema: ZodSchema, hook?: Hook<any, Env, string, "json", {}, ZodSchema> | undefined, options?: { validationFunction: (schema: ZodSchema, value: any) => SafeParseReturnType<...> | ... 1 more ... | Promise<...>; } | undefined): MiddlewareHandler<...>', gave the following error.
    Argument of type 'ZodObject<{ name: ZodString; description: ZodOptional<ZodString>; parentId: ZodNullable<ZodOptional<ZodString>>; variants: ZodOptional<...>; }, "strip", ZodTypeAny, { ...; }, { ...; }>' is not assignable to parameter of type 'ZodSchema'.
      Type 'ZodObject<{ name: ZodString; description: ZodOptional<ZodString>; parentId: ZodNullable<ZodOptional<ZodString>>; variants: ZodOptional<...>; }, "strip", ZodTypeAny, { ...; }, { ...; }>' is missing the following properties from type 'ZodType<any, ZodTypeDef, any, core.$ZodTypeInternals<Output, Input>>': "~standard", "~validate", openapi
src/modules/categories/presentation/categories.routes.ts(28,83): error TS2769: No overload matches this call.
  Overload 1 of 2, '(target: "json", schema: ZodSchema): MiddlewareHandler<Env, string, DefaultInput<"json", any, any>>', gave the following error.
    Argument of type 'ZodObject<{ name: ZodString; supplierId: ZodOptional<ZodString>; }, "strip", ZodTypeAny, { name: string; supplierId?: string | undefined; }, { ...; }>' is not assignable to parameter of type 'ZodSchema'.
      Type 'ZodObject<{ name: ZodString; supplierId: ZodOptional<ZodString>; }, "strip", ZodTypeAny, { name: string; supplierId?: string | undefined; }, { ...; }>' is missing the following properties from type 'ZodType<any, ZodTypeDef, any, core.$ZodTypeInternals<Output, Input>>': "~standard", "~validate", openapi
  Overload 2 of 2, '(target: "json", schema: ZodSchema, hook?: Hook<any, Env, string, "json", {}, ZodSchema> | undefined, options?: { validationFunction: (schema: ZodSchema, value: any) => SafeParseReturnType<...> | ... 1 more ... | Promise<...>; } | undefined): MiddlewareHandler<...>', gave the following error.
    Argument of type 'ZodObject<{ name: ZodString; supplierId: ZodOptional<ZodString>; }, "strip", ZodTypeAny, { name: string; supplierId?: string | undefined; }, { ...; }>' is not assignable to parameter of type 'ZodSchema'.
      Type 'ZodObject<{ name: ZodString; supplierId: ZodOptional<ZodString>; }, "strip", ZodTypeAny, { name: string; supplierId?: string | undefined; }, { ...; }>' is missing the following properties from type 'ZodType<any, ZodTypeDef, any, core.$ZodTypeInternals<Output, Input>>': "~standard", "~validate", openapi
src/modules/customers/presentation/customers.routes.ts(30,87): error TS2769: No overload matches this call.
  Overload 1 of 2, '(target: "json", schema: ZodSchema): MiddlewareHandler<Env, string, DefaultInput<"json", any, any>>', gave the following error.
    Argument of type 'ZodObject<{ name: ZodString; phone: ZodString; email: ZodNullable<ZodOptional<ZodString>>; address: ZodNullable<ZodOptional<ZodString>>; }, "strip", ZodTypeAny, { ...; }, { ...; }>' is not assignable to parameter of type 'ZodSchema'.
      Type 'ZodObject<{ name: ZodString; phone: ZodString; email: ZodNullable<ZodOptional<ZodString>>; address: ZodNullable<ZodOptional<ZodString>>; }, "strip", ZodTypeAny, { ...; }, { ...; }>' is missing the following properties from type 'ZodType<any, ZodTypeDef, any, core.$ZodTypeInternals<Output, Input>>': "~standard", "~validate", openapi
  Overload 2 of 2, '(target: "json", schema: ZodSchema, hook?: Hook<any, Env, string, "json", {}, ZodSchema> | undefined, options?: { validationFunction: (schema: ZodSchema, value: any) => SafeParseReturnType<...> | ... 1 more ... | Promise<...>; } | undefined): MiddlewareHandler<...>', gave the following error.
    Argument of type 'ZodObject<{ name: ZodString; phone: ZodString; email: ZodNullable<ZodOptional<ZodString>>; address: ZodNullable<ZodOptional<ZodString>>; }, "strip", ZodTypeAny, { ...; }, { ...; }>' is not assignable to parameter of type 'ZodSchema'.
      Type 'ZodObject<{ name: ZodString; phone: ZodString; email: ZodNullable<ZodOptional<ZodString>>; address: ZodNullable<ZodOptional<ZodString>>; }, "strip", ZodTypeAny, { ...; }, { ...; }>' is missing the following properties from type 'ZodType<any, ZodTypeDef, any, core.$ZodTypeInternals<Output, Input>>': "~standard", "~validate", openapi
src/modules/customers/presentation/customers.routes.ts(31,91): error TS2769: No overload matches this call.
  Overload 1 of 2, '(target: "json", schema: ZodSchema): MiddlewareHandler<Env, string, DefaultInput<"json", any, any>>', gave the following error.
    Argument of type 'ZodObject<{ name: ZodOptional<ZodString>; phone: ZodOptional<ZodString>; email: ZodOptional<ZodNullable<ZodOptional<ZodString>>>; address: ZodOptional<...>; }, "strip", ZodTypeAny, { ...; }, { ...; }>' is not assignable to parameter of type 'ZodSchema'.
      Type 'ZodObject<{ name: ZodOptional<ZodString>; phone: ZodOptional<ZodString>; email: ZodOptional<ZodNullable<ZodOptional<ZodString>>>; address: ZodOptional<...>; }, "strip", ZodTypeAny, { ...; }, { ...; }>' is missing the following properties from type 'ZodType<any, ZodTypeDef, any, core.$ZodTypeInternals<Output, Input>>': "~standard", "~validate", openapi
  Overload 2 of 2, '(target: "json", schema: ZodSchema, hook?: Hook<any, Env, string, "json", {}, ZodSchema> | undefined, options?: { validationFunction: (schema: ZodSchema, value: any) => SafeParseReturnType<...> | ... 1 more ... | Promise<...>; } | undefined): MiddlewareHandler<...>', gave the following error.
    Argument of type 'ZodObject<{ name: ZodOptional<ZodString>; phone: ZodOptional<ZodString>; email: ZodOptional<ZodNullable<ZodOptional<ZodString>>>; address: ZodOptional<...>; }, "strip", ZodTypeAny, { ...; }, { ...; }>' is not assignable to parameter of type 'ZodSchema'.
      Type 'ZodObject<{ name: ZodOptional<ZodString>; phone: ZodOptional<ZodString>; email: ZodOptional<ZodNullable<ZodOptional<ZodString>>>; address: ZodOptional<...>; }, "strip", ZodTypeAny, { ...; }, { ...; }>' is missing the following properties from type 'ZodType<any, ZodTypeDef, any, core.$ZodTypeInternals<Output, Input>>': "~standard", "~validate", openapi
src/modules/customers/presentation/customers.routes.ts(36,99): error TS2769: No overload matches this call.
  Overload 1 of 2, '(target: "json", schema: ZodSchema): MiddlewareHandler<Env, string, DefaultInput<"json", any, any>>', gave the following error.
    Argument of type 'ZodObject<{ amount: ZodNumber; method: ZodEnum<["cash", "transfer", "qris"]>; notes: ZodOptional<ZodString>; saleId: ZodOptional<ZodString>; proofImage: ZodOptional<...>; }, "strip", ZodTypeAny, { ...; }, { ...; }>' is not assignable to parameter of type 'ZodSchema'.
      Type 'ZodObject<{ amount: ZodNumber; method: ZodEnum<["cash", "transfer", "qris"]>; notes: ZodOptional<ZodString>; saleId: ZodOptional<ZodString>; proofImage: ZodOptional<...>; }, "strip", ZodTypeAny, { ...; }, { ...; }>' is missing the following properties from type 'ZodType<any, ZodTypeDef, any, core.$ZodTypeInternals<Output, Input>>': "~standard", "~validate", openapi
  Overload 2 of 2, '(target: "json", schema: ZodSchema, hook?: Hook<any, Env, string, "json", {}, ZodSchema> | undefined, options?: { validationFunction: (schema: ZodSchema, value: any) => SafeParseReturnType<...> | ... 1 more ... | Promise<...>; } | undefined): MiddlewareHandler<...>', gave the following error.
    Argument of type 'ZodObject<{ amount: ZodNumber; method: ZodEnum<["cash", "transfer", "qris"]>; notes: ZodOptional<ZodString>; saleId: ZodOptional<ZodString>; proofImage: ZodOptional<...>; }, "strip", ZodTypeAny, { ...; }, { ...; }>' is not assignable to parameter of type 'ZodSchema'.
      Type 'ZodObject<{ amount: ZodNumber; method: ZodEnum<["cash", "transfer", "qris"]>; notes: ZodOptional<ZodString>; saleId: ZodOptional<ZodString>; proofImage: ZodOptional<...>; }, "strip", ZodTypeAny, { ...; }, { ...; }>' is missing the following properties from type 'ZodType<any, ZodTypeDef, any, core.$ZodTypeInternals<Output, Input>>': "~standard", "~validate", openapi
src/modules/operational-costs/presentation/operational-costs.routes.ts(20,9): error TS2769: No overload matches this call.
  Overload 1 of 2, '(target: "json", schema: ZodSchema): MiddlewareHandler<Env, string, DefaultInput<"json", any, any>>', gave the following error.
    Argument of type 'ZodObject<{ category: ZodString; amount: ZodUnion<[ZodNumber, ZodString]>; description: ZodOptional<ZodString>; date: ZodOptional<...>; sourceAccountId: ZodOptional<...>; expenseAccountId: ZodOptional<...>; }, "strip", ZodTypeAny, { ...; }, { ...; }>' is not assignable to parameter of type 'ZodSchema'.
      Type 'ZodObject<{ category: ZodString; amount: ZodUnion<[ZodNumber, ZodString]>; description: ZodOptional<ZodString>; date: ZodOptional<...>; sourceAccountId: ZodOptional<...>; expenseAccountId: ZodOptional<...>; }, "strip", ZodTypeAny, { ...; }, { ...; }>' is missing the following properties from type 'ZodType<any, ZodTypeDef, any, core.$ZodTypeInternals<Output, Input>>': "~standard", "~validate", openapi
  Overload 2 of 2, '(target: "json", schema: ZodSchema, hook?: Hook<any, Env, string, "json", {}, ZodSchema> | undefined, options?: { validationFunction: (schema: ZodSchema, value: any) => SafeParseReturnType<...> | ... 1 more ... | Promise<...>; } | undefined): MiddlewareHandler<...>', gave the following error.
    Argument of type 'ZodObject<{ category: ZodString; amount: ZodUnion<[ZodNumber, ZodString]>; description: ZodOptional<ZodString>; date: ZodOptional<...>; sourceAccountId: ZodOptional<...>; expenseAccountId: ZodOptional<...>; }, "strip", ZodTypeAny, { ...; }, { ...; }>' is not assignable to parameter of type 'ZodSchema'.
      Type 'ZodObject<{ category: ZodString; amount: ZodUnion<[ZodNumber, ZodString]>; description: ZodOptional<ZodString>; date: ZodOptional<...>; sourceAccountId: ZodOptional<...>; expenseAccountId: ZodOptional<...>; }, "strip", ZodTypeAny, { ...; }, { ...; }>' is missing the following properties from type 'ZodType<any, ZodTypeDef, any, core.$ZodTypeInternals<Output, Input>>': "~standard", "~validate", openapi
src/modules/purchases/presentation/purchases.routes.ts(60,72): error TS2769: No overload matches this call.
  Overload 1 of 2, '(target: "json", schema: ZodSchema): MiddlewareHandler<Env, string, DefaultInput<"json", any, any>>', gave the following error.
    Argument of type 'ZodObject<{ supplierId: ZodString; userId: ZodOptional<ZodString>; referenceNumber: ZodOptional<ZodString>; notes: ZodOptional<ZodString>; date: ZodOptional<...>; items: ZodArray<...>; }, "strip", ZodTypeAny, { ...; }, { ...; }>' is not assignable to parameter of type 'ZodSchema'.
      Type 'ZodObject<{ supplierId: ZodString; userId: ZodOptional<ZodString>; referenceNumber: ZodOptional<ZodString>; notes: ZodOptional<ZodString>; date: ZodOptional<...>; items: ZodArray<...>; }, "strip", ZodTypeAny, { ...; }, { ...; }>' is missing the following properties from type 'ZodType<any, ZodTypeDef, any, core.$ZodTypeInternals<Output, Input>>': "~standard", "~validate", openapi
  Overload 2 of 2, '(target: "json", schema: ZodSchema, hook?: Hook<any, Env, string, "json", {}, ZodSchema> | undefined, options?: { validationFunction: (schema: ZodSchema, value: any) => SafeParseReturnType<...> | ... 1 more ... | Promise<...>; } | undefined): MiddlewareHandler<...>', gave the following error.
    Argument of type 'ZodObject<{ supplierId: ZodString; userId: ZodOptional<ZodString>; referenceNumber: ZodOptional<ZodString>; notes: ZodOptional<ZodString>; date: ZodOptional<...>; items: ZodArray<...>; }, "strip", ZodTypeAny, { ...; }, { ...; }>' is not assignable to parameter of type 'ZodSchema'.
      Type 'ZodObject<{ supplierId: ZodString; userId: ZodOptional<ZodString>; referenceNumber: ZodOptional<ZodString>; notes: ZodOptional<ZodString>; date: ZodOptional<...>; items: ZodArray<...>; }, "strip", ZodTypeAny, { ...; }, { ...; }>' is missing the following properties from type 'ZodType<any, ZodTypeDef, any, core.$ZodTypeInternals<Output, Input>>': "~standard", "~validate", openapi
src/modules/purchases/presentation/purchases.routes.ts(64,103): error TS2769: No overload matches this call.
  Overload 1 of 2, '(target: "json", schema: ZodSchema): MiddlewareHandler<Env, string, DefaultInput<"json", any, any>>', gave the following error.
    Argument of type 'ZodObject<{ items: ZodArray<ZodObject<{ productId: ZodString; variant: ZodOptional<ZodString>; qtyReceived: ZodNumber; }, "strip", ZodTypeAny, { ...; }, { ...; }>, "many">; }, "strip", ZodTypeAny, { ...; }, { ...; }>' is not assignable to parameter of type 'ZodSchema'.
      Type 'ZodObject<{ items: ZodArray<ZodObject<{ productId: ZodString; variant: ZodOptional<ZodString>; qtyReceived: ZodNumber; }, "strip", ZodTypeAny, { ...; }, { ...; }>, "many">; }, "strip", ZodTypeAny, { ...; }, { ...; }>' is missing the following properties from type 'ZodType<any, ZodTypeDef, any, core.$ZodTypeInternals<Output, Input>>': "~standard", "~validate", openapi
  Overload 2 of 2, '(target: "json", schema: ZodSchema, hook?: Hook<any, Env, string, "json", {}, ZodSchema> | undefined, options?: { validationFunction: (schema: ZodSchema, value: any) => SafeParseReturnType<...> | ... 1 more ... | Promise<...>; } | undefined): MiddlewareHandler<...>', gave the following error.
    Argument of type 'ZodObject<{ items: ZodArray<ZodObject<{ productId: ZodString; variant: ZodOptional<ZodString>; qtyReceived: ZodNumber; }, "strip", ZodTypeAny, { ...; }, { ...; }>, "many">; }, "strip", ZodTypeAny, { ...; }, { ...; }>' is not assignable to parameter of type 'ZodSchema'.
      Type 'ZodObject<{ items: ZodArray<ZodObject<{ productId: ZodString; variant: ZodOptional<ZodString>; qtyReceived: ZodNumber; }, "strip", ZodTypeAny, { ...; }, { ...; }>, "many">; }, "strip", ZodTypeAny, { ...; }, { ...; }>' is missing the following properties from type 'ZodType<any, ZodTypeDef, any, core.$ZodTypeInternals<Output, Input>>': "~standard", "~validate", openapi
src/modules/purchases/presentation/purchases.routes.ts(65,102): error TS2769: No overload matches this call.
  Overload 1 of 2, '(target: "json", schema: ZodSchema): MiddlewareHandler<Env, string, DefaultInput<"json", any, any>>', gave the following error.
    Argument of type 'ZodObject<{ items: ZodArray<ZodObject<{ productId: ZodString; variant: ZodOptional<ZodString>; buyPrice: ZodNumber; sellPrice: ZodNumber; }, "strip", ZodTypeAny, { ...; }, { ...; }>, "many">; shippingFee: ZodOptional<...>; discountAmount: ZodOptional<...>; referenceNumber: ZodOptional<...>; payment: ZodOptional<...>...' is not assignable to parameter of type 'ZodSchema'.
      Type 'ZodObject<{ items: ZodArray<ZodObject<{ productId: ZodString; variant: ZodOptional<ZodString>; buyPrice: ZodNumber; sellPrice: ZodNumber; }, "strip", ZodTypeAny, { ...; }, { ...; }>, "many">; shippingFee: ZodOptional<...>; discountAmount: ZodOptional<...>; referenceNumber: ZodOptional<...>; payment: ZodOptional<...>...' is missing the following properties from type 'ZodType<any, ZodTypeDef, any, core.$ZodTypeInternals<Output, Input>>': "~standard", "~validate", openapi
  Overload 2 of 2, '(target: "json", schema: ZodSchema, hook?: Hook<any, Env, string, "json", {}, ZodSchema> | undefined, options?: { validationFunction: (schema: ZodSchema, value: any) => SafeParseReturnType<...> | ... 1 more ... | Promise<...>; } | undefined): MiddlewareHandler<...>', gave the following error.
    Argument of type 'ZodObject<{ items: ZodArray<ZodObject<{ productId: ZodString; variant: ZodOptional<ZodString>; buyPrice: ZodNumber; sellPrice: ZodNumber; }, "strip", ZodTypeAny, { ...; }, { ...; }>, "many">; shippingFee: ZodOptional<...>; discountAmount: ZodOptional<...>; referenceNumber: ZodOptional<...>; payment: ZodOptional<...>...' is not assignable to parameter of type 'ZodSchema'.
      Type 'ZodObject<{ items: ZodArray<ZodObject<{ productId: ZodString; variant: ZodOptional<ZodString>; buyPrice: ZodNumber; sellPrice: ZodNumber; }, "strip", ZodTypeAny, { ...; }, { ...; }>, "many">; shippingFee: ZodOptional<...>; discountAmount: ZodOptional<...>; referenceNumber: ZodOptional<...>; payment: ZodOptional<...>...' is missing the following properties from type 'ZodType<any, ZodTypeDef, any, core.$ZodTypeInternals<Output, Input>>': "~standard", "~validate", openapi
src/modules/sales/presentation/sales.routes.ts(15,68): error TS2769: No overload matches this call.
  Overload 1 of 2, '(target: "json", schema: ZodSchema): MiddlewareHandler<Env, string, DefaultInput<"json", any, any>>', gave the following error.
    Argument of type 'ZodObject<{ memberId: ZodOptional<ZodString>; customerName: ZodOptional<ZodString>; payments: ZodArray<ZodObject<{ method: ZodString; methodId: ZodOptional<...>; variantId: ZodOptional<...>; variantName: ZodOptional<...>; amount: ZodNumber; reference: ZodOptional<...>; }, "strip", ZodTypeAny, { ...; }, { ...; }>, "m...' is not assignable to parameter of type 'ZodSchema'.
      Type 'ZodObject<{ memberId: ZodOptional<ZodString>; customerName: ZodOptional<ZodString>; payments: ZodArray<ZodObject<{ method: ZodString; methodId: ZodOptional<...>; variantId: ZodOptional<...>; variantName: ZodOptional<...>; amount: ZodNumber; reference: ZodOptional<...>; }, "strip", ZodTypeAny, { ...; }, { ...; }>, "m...' is missing the following properties from type 'ZodType<any, ZodTypeDef, any, core.$ZodTypeInternals<Output, Input>>': "~standard", "~validate", openapi
  Overload 2 of 2, '(target: "json", schema: ZodSchema, hook?: Hook<any, Env, string, "json", {}, ZodSchema> | undefined, options?: { validationFunction: (schema: ZodSchema, value: any) => SafeParseReturnType<...> | ... 1 more ... | Promise<...>; } | undefined): MiddlewareHandler<...>', gave the following error.
    Argument of type 'ZodObject<{ memberId: ZodOptional<ZodString>; customerName: ZodOptional<ZodString>; payments: ZodArray<ZodObject<{ method: ZodString; methodId: ZodOptional<...>; variantId: ZodOptional<...>; variantName: ZodOptional<...>; amount: ZodNumber; reference: ZodOptional<...>; }, "strip", ZodTypeAny, { ...; }, { ...; }>, "m...' is not assignable to parameter of type 'ZodSchema'.
      Type 'ZodObject<{ memberId: ZodOptional<ZodString>; customerName: ZodOptional<ZodString>; payments: ZodArray<ZodObject<{ method: ZodString; methodId: ZodOptional<...>; variantId: ZodOptional<...>; variantName: ZodOptional<...>; amount: ZodNumber; reference: ZodOptional<...>; }, "strip", ZodTypeAny, { ...; }, { ...; }>, "m...' is missing the following properties from type 'ZodType<any, ZodTypeDef, any, core.$ZodTypeInternals<Output, Input>>': "~standard", "~validate", openapi
src/modules/service/presentation/service.routes.ts(18,34): error TS2769: No overload matches this call.
  Overload 1 of 2, '(target: "json", schema: ZodSchema): MiddlewareHandler<Env, string, DefaultInput<"json", any, any>>', gave the following error.
    Argument of type 'ZodObject<{ type: ZodEnum<["regular", "walk_in"]>; customer: ZodObject<{ name: ZodString; phone: ZodOptional<ZodString>; address: ZodOptional<ZodString>; }, "strip", ZodTypeAny, { ...; }, { ...; }>; ... 13 more ...; isDirectComplete: ZodOptional<...>; }, "strip", ZodTypeAny, { ...; }, { ...; }>' is not assignable to parameter of type 'ZodSchema'.
      Type 'ZodObject<{ type: ZodEnum<["regular", "walk_in"]>; customer: ZodObject<{ name: ZodString; phone: ZodOptional<ZodString>; address: ZodOptional<ZodString>; }, "strip", ZodTypeAny, { ...; }, { ...; }>; ... 13 more ...; isDirectComplete: ZodOptional<...>; }, "strip", ZodTypeAny, { ...; }, { ...; }>' is missing the following properties from type 'ZodType<any, ZodTypeDef, any, core.$ZodTypeInternals<Output, Input>>': "~standard", "~validate", openapi
  Overload 2 of 2, '(target: "json", schema: ZodSchema, hook?: Hook<any, Env, string, "json", {}, ZodSchema> | undefined, options?: { validationFunction: (schema: ZodSchema, value: any) => SafeParseReturnType<...> | ... 1 more ... | Promise<...>; } | undefined): MiddlewareHandler<...>', gave the following error.
    Argument of type 'ZodObject<{ type: ZodEnum<["regular", "walk_in"]>; customer: ZodObject<{ name: ZodString; phone: ZodOptional<ZodString>; address: ZodOptional<ZodString>; }, "strip", ZodTypeAny, { ...; }, { ...; }>; ... 13 more ...; isDirectComplete: ZodOptional<...>; }, "strip", ZodTypeAny, { ...; }, { ...; }>' is not assignable to parameter of type 'ZodSchema'.
      Type 'ZodObject<{ type: ZodEnum<["regular", "walk_in"]>; customer: ZodObject<{ name: ZodString; phone: ZodOptional<ZodString>; address: ZodOptional<ZodString>; }, "strip", ZodTypeAny, { ...; }, { ...; }>; ... 13 more ...; isDirectComplete: ZodOptional<...>; }, "strip", ZodTypeAny, { ...; }, { ...; }>' is missing the following properties from type 'ZodType<any, ZodTypeDef, any, core.$ZodTypeInternals<Output, Input>>': "~standard", "~validate", openapi
src/modules/suppliers/presentation/suppliers.routes.ts(25,92): error TS2769: No overload matches this call.
  Overload 1 of 2, '(target: "json", schema: ZodSchema): MiddlewareHandler<Env, string, DefaultInput<"json", any, any>>', gave the following error.
    Argument of type 'ZodObject<{ name: ZodString; contact: ZodOptional<ZodString>; phone: ZodOptional<ZodString>; address: ZodOptional<ZodString>; image: ZodOptional<...>; }, "strip", ZodTypeAny, { ...; }, { ...; }>' is not assignable to parameter of type 'ZodSchema'.
      Type 'ZodObject<{ name: ZodString; contact: ZodOptional<ZodString>; phone: ZodOptional<ZodString>; address: ZodOptional<ZodString>; image: ZodOptional<...>; }, "strip", ZodTypeAny, { ...; }, { ...; }>' is missing the following properties from type 'ZodType<any, ZodTypeDef, any, core.$ZodTypeInternals<Output, Input>>': "~standard", "~validate", openapi
  Overload 2 of 2, '(target: "json", schema: ZodSchema, hook?: Hook<any, Env, string, "json", {}, ZodSchema> | undefined, options?: { validationFunction: (schema: ZodSchema, value: any) => SafeParseReturnType<...> | ... 1 more ... | Promise<...>; } | undefined): MiddlewareHandler<...>', gave the following error.
    Argument of type 'ZodObject<{ name: ZodString; contact: ZodOptional<ZodString>; phone: ZodOptional<ZodString>; address: ZodOptional<ZodString>; image: ZodOptional<...>; }, "strip", ZodTypeAny, { ...; }, { ...; }>' is not assignable to parameter of type 'ZodSchema'.
      Type 'ZodObject<{ name: ZodString; contact: ZodOptional<ZodString>; phone: ZodOptional<ZodString>; address: ZodOptional<ZodString>; image: ZodOptional<...>; }, "strip", ZodTypeAny, { ...; }, { ...; }>' is missing the following properties from type 'ZodType<any, ZodTypeDef, any, core.$ZodTypeInternals<Output, Input>>': "~standard", "~validate", openapi
src/modules/suppliers/presentation/suppliers.routes.ts(26,94): error TS2769: No overload matches this call.
  Overload 1 of 2, '(target: "json", schema: ZodSchema): MiddlewareHandler<Env, string, DefaultInput<"json", any, any>>', gave the following error.
    Argument of type 'ZodObject<{ name: ZodString; contact: ZodOptional<ZodString>; phone: ZodOptional<ZodString>; address: ZodOptional<ZodString>; image: ZodOptional<...>; }, "strip", ZodTypeAny, { ...; }, { ...; }>' is not assignable to parameter of type 'ZodSchema'.
      Type 'ZodObject<{ name: ZodString; contact: ZodOptional<ZodString>; phone: ZodOptional<ZodString>; address: ZodOptional<ZodString>; image: ZodOptional<...>; }, "strip", ZodTypeAny, { ...; }, { ...; }>' is missing the following properties from type 'ZodType<any, ZodTypeDef, any, core.$ZodTypeInternals<Output, Input>>': "~standard", "~validate", openapi
  Overload 2 of 2, '(target: "json", schema: ZodSchema, hook?: Hook<any, Env, string, "json", {}, ZodSchema> | undefined, options?: { validationFunction: (schema: ZodSchema, value: any) => SafeParseReturnType<...> | ... 1 more ... | Promise<...>; } | undefined): MiddlewareHandler<...>', gave the following error.
    Argument of type 'ZodObject<{ name: ZodString; contact: ZodOptional<ZodString>; phone: ZodOptional<ZodString>; address: ZodOptional<ZodString>; image: ZodOptional<...>; }, "strip", ZodTypeAny, { ...; }, { ...; }>' is not assignable to parameter of type 'ZodSchema'.
      Type 'ZodObject<{ name: ZodString; contact: ZodOptional<ZodString>; phone: ZodOptional<ZodString>; address: ZodOptional<ZodString>; image: ZodOptional<...>; }, "strip", ZodTypeAny, { ...; }, { ...; }>' is missing the following properties from type 'ZodType<any, ZodTypeDef, any, core.$ZodTypeInternals<Output, Input>>': "~standard", "~validate", openapi
src/modules/suppliers/presentation/suppliers.routes.ts(29,87): error TS2769: No overload matches this call.
  Overload 1 of 2, '(target: "json", schema: ZodSchema): MiddlewareHandler<Env, string, DefaultInput<"json", any, any>>', gave the following error.
    Argument of type 'ZodObject<{ categoryId: ZodString; }, "strip", ZodTypeAny, { categoryId: string; }, { categoryId: string; }>' is not assignable to parameter of type 'ZodSchema'.
      Type 'ZodObject<{ categoryId: ZodString; }, "strip", ZodTypeAny, { categoryId: string; }, { categoryId: string; }>' is missing the following properties from type 'ZodType<any, ZodTypeDef, any, core.$ZodTypeInternals<Output, Input>>': "~standard", "~validate", openapi
  Overload 2 of 2, '(target: "json", schema: ZodSchema, hook?: Hook<any, Env, string, "json", {}, ZodSchema> | undefined, options?: { validationFunction: (schema: ZodSchema, value: any) => SafeParseReturnType<...> | ... 1 more ... | Promise<...>; } | undefined): MiddlewareHandler<...>', gave the following error.
    Argument of type 'ZodObject<{ categoryId: ZodString; }, "strip", ZodTypeAny, { categoryId: string; }, { categoryId: string; }>' is not assignable to parameter of type 'ZodSchema'.
      Type 'ZodObject<{ categoryId: ZodString; }, "strip", ZodTypeAny, { categoryId: string; }, { categoryId: string; }>' is missing the following properties from type 'ZodType<any, ZodTypeDef, any, core.$ZodTypeInternals<Output, Input>>': "~standard", "~validate", openapi
error: script "check" exited with code 1
