🔧 Fixing migration sync...
36 |   async queryWithCache(queryString, params, query) {
37 |     if (this.cache === void 0 || is(this.cache, NoopCache) || this.queryMetadata === void 0) {
38 |       try {
39 |         return await query();
40 |       } catch (e) {
41 |         throw new DrizzleQueryError(queryString, params, e);
                   ^
error: Failed query: 
ALTER TABLE "accounts" ADD CONSTRAINT "accounts_type_id_account_types_id_fk" FOREIGN KEY ("type_id") REFERENCES "public"."account_types"("id") ON DELETE no action ON UPDATE no action;
params: 
  query: "\nALTER TABLE \"accounts\" ADD CONSTRAINT \"accounts_type_id_account_types_id_fk\" FOREIGN KEY (\"type_id\") REFERENCES \"public\".\"account_types\"(\"id\") ON DELETE no action ON UPDATE no action;",
 params: [],

      at queryWithCache (C:\Users\riyan\OneDrive\Documents\VsCode\coba\node_modules\drizzle-orm\pg-core\session.js:41:15)

540 |         result = new this._Promise((resolve, reject) => {
541 |           query.callback = (err, res) => (err ? reject(err) : resolve(res))
542 |         }).catch((err) => {
543 |           // replace the stack trace that leads to `TCP.onStreamRead` with one that leads back to the
544 |           // application that created the query
545 |           Error.captureStackTrace(err)
                      ^
error: constraint "accounts_type_id_account_types_id_fk" for relation "accounts" already exists
     length: 156,
   severity: "ERROR",
     detail: undefined,
       hint: undefined,
   position: undefined,
 internalPosition: undefined,
 internalQuery: undefined,
      where: undefined,
     schema: undefined,
      table: undefined,
   dataType: undefined,
 constraint: undefined,
       file: "tablecmds.c",
    routine: "ATExecAddConstraint",
       code: "42710"

      at <anonymous> (C:\Users\riyan\OneDrive\Documents\VsCode\coba\node_modules\pg\lib\client.js:545:17)

Bun v1.3.3 (Windows x64)
