$ drizzle-kit migrate
No config path provided, using default 'drizzle.config.ts'
Reading config file 'C:\Users\riyan\OneDrive\Documents\VsCode\coba\apps\backend\drizzle.config.ts'
Using 'pg' driver for database querying
[⣷] applying migrations...[2K[1G[⣯] applying migrations...[2K[1G[⣟] applying migrations...[2K[1G[⡿] applying migrations...DrizzleQueryError: Failed query: CREATE TABLE "account_types" (
	"id" text PRIMARY KEY NOT NULL,
	"name" text NOT NULL,
	"normal_balance" text NOT NULL,
	"created_at" timestamp DEFAULT now()
);

params: 
    at NodePgPreparedQuery.queryWithCache (C:\Users\riyan\OneDrive\Documents\VsCode\coba\node_modules\src\pg-core\session.ts:73:11)
    at process.processTicksAndRejections (node:internal/process/task_queues:103:5)
    at async <anonymous> (C:\Users\riyan\OneDrive\Documents\VsCode\coba\node_modules\src\pg-core\dialect.ts:102:7)
    ... 2 lines matching cause stack trace ...
    at async migrate (C:\Users\riyan\OneDrive\Documents\VsCode\coba\node_modules\src\node-postgres\migrator.ts:10:2) {
  query: 'CREATE TABLE "account_types" (\r\n' +
    '\t"id" text PRIMARY KEY NOT NULL,\r\n' +
    '\t"name" text NOT NULL,\r\n' +
    '\t"normal_balance" text NOT NULL,\r\n' +
    '\t"created_at" timestamp DEFAULT now()\r\n' +
    ');\r\n',
  params: [],
  cause: error: relation "account_types" already exists
      at C:\Users\riyan\OneDrive\Documents\VsCode\coba\node_modules\pg\lib\client.js:545:17
      at process.processTicksAndRejections (node:internal/process/task_queues:103:5)
      at async <anonymous> (C:\Users\riyan\OneDrive\Documents\VsCode\coba\node_modules\src\node-postgres\session.ts:149:14)
      at async NodePgPreparedQuery.queryWithCache (C:\Users\riyan\OneDrive\Documents\VsCode\coba\node_modules\src\pg-core\session.ts:71:12)
      at async <anonymous> (C:\Users\riyan\OneDrive\Documents\VsCode\coba\node_modules\src\pg-core\dialect.ts:102:7)
      at async NodePgSession.transaction (C:\Users\riyan\OneDrive\Documents\VsCode\coba\node_modules\src\node-postgres\session.ts:259:19)
      at async PgDialect.migrate (C:\Users\riyan\OneDrive\Documents\VsCode\coba\node_modules\src\pg-core\dialect.ts:95:3)
      at async migrate (C:\Users\riyan\OneDrive\Documents\VsCode\coba\node_modules\src\node-postgres\migrator.ts:10:2) {
    length: 107,
    severity: 'ERROR',
    code: '42P07',
    detail: undefined,
    hint: undefined,
    position: undefined,
    internalPosition: undefined,
    internalQuery: undefined,
    where: undefined,
    schema: undefined,
    table: undefined,
    column: undefined,
    dataType: undefined,
    constraint: undefined,
    file: 'heap.c',
    line: '1160',
    routine: 'heap_create_with_catalog'
  }
}
error: script "db:migrate" exited with code 1
