
[2026-02-27T09:07:04.144Z] GET /categories
[2026-02-27T09:07:21.922Z] GET /accounting/audit-logs
[2026-02-27T09:13:48.482Z] GET /
[2026-02-27T09:13:56.578Z] GET /accounting/audit-logs
[2026-02-27T09:14:31.494Z] GET /
[2026-02-27T09:14:39.187Z] GET /accounting/audit-logs
[2026-02-27T09:14:53.079Z] GET /reports/stock-value
[2026-02-27T09:15:07.324Z] GET /reports/stock-value
[2026-02-27T09:15:44.369Z] GET /categories
[2026-02-27T09:18:37.446Z] GET /auth/me
[2026-02-27T09:18:43.919Z] GET /categories
[2026-02-27T09:18:44.003Z] GET /devices
[2026-02-27T09:18:44.172Z] GET /inventory
[2026-02-27T09:18:44.190Z] GET /inventory/stats
[2026-02-27T09:18:46.267Z] GET /purchases
[2026-02-27T09:18:47.408Z] GET /inventory/searchproduct
[2026-02-27T09:18:48.463Z] GET /inventory/searchproduct
[2026-02-27T09:18:51.048Z] GET /accounting/register/status
[2026-02-27T09:18:52.107Z] GET /accounting/register/status
[2026-02-27T09:18:52.255Z] GET /accounting/register/status
[2026-02-27T09:18:52.697Z] GET /users
[2026-02-27T09:18:52.704Z] GET /settings/service
[2026-02-27T09:18:52.754Z] GET /service
[2026-02-27T09:18:52.789Z] GET /accounting/register/status
[2026-02-27T09:18:53.309Z] GET /customers
[2026-02-27T09:18:54.265Z] GET /inventory/searchproduct
[2026-02-27T09:18:54.423Z] GET /service
[2026-02-27T09:18:54.490Z] GET /accounting/register/status
[2026-02-27T09:18:54.524Z] GET /service
[2026-02-27T09:18:57.704Z] GET /users
[2026-02-27T09:18:57.773Z] GET /settings/service
[2026-02-27T09:18:57.776Z] GET /service
[2026-02-27T09:18:57.779Z] GET /accounting/register/status
[2026-02-27T09:18:57.863Z] GET /service
[2026-02-27T09:18:57.905Z] GET /accounting/register/status
[2026-02-27T09:18:57.940Z] GET /service
[2026-02-27T09:18:58.572Z] GET /service-tools
[2026-02-27T09:19:02.086Z] GET /inventory/searchproduct
[2026-02-27T09:19:03.147Z] GET /inventory/searchproduct
[2026-02-27T09:19:05.165Z] GET /inventory/searchproduct
[2026-02-27T09:19:09.182Z] GET /inventory/searchproduct
[2026-02-27T09:19:23.851Z] GET /users
[2026-02-27T09:19:24.154Z] GET /settings/service
[2026-02-27T09:19:24.156Z] GET /service
[2026-02-27T09:19:24.159Z] GET /accounting/register/status
[2026-02-27T09:19:24.288Z] GET /service
[2026-02-27T09:19:24.334Z] GET /accounting/register/status
[2026-02-27T09:19:24.364Z] GET /service
[2026-02-27T09:19:28.711Z] GET /auth/me
[2026-02-27T09:19:28.848Z] GET /accounting/register/status
[2026-02-27T11:31:38.660Z] GET /auth/me
[2026-02-27T13:28:52.829Z] GET /auth/me
[2026-02-27T13:29:04.459Z] GET /auth/me
[2026-02-27T13:29:25.903Z] POST /auth/login
[2026-02-27T13:29:28.072Z] GET /auth/me
[2026-02-27T13:29:41.578Z] GET /approvals/pending
[2026-02-27T13:29:41.597Z] GET /dashboard
[2026-02-27T13:29:41.647Z] GET /dashboard/activities
[2026-02-27T13:29:41.649Z] GET /accounting/reports/pl
[2026-02-27T13:30:30.434Z] GET /accounting/register/status
[2026-02-27T13:30:31.032Z] GET /accounting/register/status
[2026-02-27T13:30:54.221Z] GET /auth/me
[2026-02-27T13:30:57.715Z] GET /auth/me
[2026-02-27T13:31:02.319Z] GET /auth/me
[2026-02-27T13:31:02.421Z] GET /service-tools
[2026-02-27T13:31:08.590Z] GET /users
[2026-02-27T13:31:08.595Z] GET /settings/service
[2026-02-27T13:31:08.666Z] GET /service
[2026-02-27T13:31:08.754Z] GET /accounting/register/status
[2026-02-27T13:31:08.818Z] GET /service
[2026-02-27T13:31:08.879Z] GET /service
[2026-02-27T13:31:09.703Z] GET /accounting/register/status
[2026-02-27T13:31:19.129Z] GET /auth/me
[2026-02-27T13:31:19.224Z] GET /service-tools
[2026-02-27T13:31:53.146Z] POST /service-tools
[2026-02-27T13:31:53.786Z] GET /service-tools
[2026-02-27T13:32:03.339Z] GET /auth/me
[2026-02-27T13:32:08.706Z] GET /auth/me
[2026-02-27T13:32:08.828Z] GET /service-tools
[2026-02-27T13:32:27.449Z] GET /auth/me
[2026-02-27T13:32:31.265Z] GET /auth/me
[2026-02-27T13:33:00.809Z] POST /auth/logout
[2026-02-27T13:33:01.147Z] GET /auth/me
[2026-02-27T13:33:09.370Z] POST /auth/login
[2026-02-27T13:33:10.328Z] GET /auth/me
[2026-02-27T13:33:18.357Z] GET /service
[2026-02-27T13:33:20.298Z] GET /service
[2026-02-27T13:33:25.695Z] GET /service
[2026-02-27T13:33:25.712Z] GET /users
[2026-02-27T13:33:25.715Z] GET /settings/service
[2026-02-27T13:33:25.719Z] GET /accounting/register/status
[2026-02-27T13:33:25.748Z] GET /service
[2026-02-27T13:33:25.805Z] GET /service
[2026-02-27T13:33:31.143Z] POST /auth/logout
[2026-02-27T13:33:31.442Z] GET /auth/me
[2026-02-27T13:33:37.198Z] POST /auth/login
[2026-02-27T13:33:38.024Z] GET /auth/me
[2026-02-27T13:54:51.063Z] GET /auth/me
[2026-02-27T13:55:05.926Z] GET /auth/me
[2026-02-27T13:56:10.584Z] GET /auth/me
[2026-02-27T13:56:11.069Z] GET /service-tools/requests
[2026-02-27T13:56:11.071Z] GET /service-tools
[2026-02-27T13:56:31.019Z] GET /users
[2026-02-27T13:56:31.023Z] GET /settings/service
[2026-02-27T13:56:31.030Z] GET /service
[2026-02-27T13:56:31.031Z] GET /accounting/register/status
[2026-02-27T13:56:31.333Z] GET /service
[2026-02-27T13:56:31.371Z] GET /service
[2026-02-27T13:56:31.476Z] GET /accounting/register/status
[2026-02-27T13:56:35.972Z] GET /users
[2026-02-27T13:56:35.978Z] GET /settings/service
[2026-02-27T13:56:35.983Z] GET /service
[2026-02-27T13:56:35.984Z] GET /accounting/register/status
[2026-02-27T13:56:36.025Z] GET /service
[2026-02-27T13:56:36.078Z] GET /accounting/register/status
[2026-02-27T13:56:36.140Z] GET /service
[2026-02-27T13:56:36.878Z] GET /auth/me
[2026-02-27T13:56:42.178Z] GET /auth/me
[2026-02-27T13:56:42.337Z] GET /service-tools
[2026-02-27T13:56:42.339Z] GET /service-tools/requests
[2026-02-27T14:08:47.693Z] GET /auth/me
[2026-02-27T14:08:52.703Z] GET /auth/me
[2026-02-27T14:08:52.868Z] GET /service-tools
[2026-02-27T14:08:52.873Z] GET /service-tools/requests
[2026-02-27T14:09:05.487Z] GET /categories
[2026-02-27T14:09:05.499Z] GET /devices
[2026-02-27T14:09:05.501Z] GET /inventory
[2026-02-27T14:09:05.613Z] GET /inventory/stats
[2026-02-27T14:09:07.877Z] GET /brands
[2026-02-27T14:09:29.042Z] GET /devices
[2026-02-27T14:09:29.069Z] GET /brands
[2026-02-27T14:09:31.539Z] GET /auth/me
[2026-02-27T14:09:34.764Z] GET /auth/me
[2026-02-27T14:09:34.845Z] GET /brands
[2026-02-27T14:09:34.850Z] GET /devices
[2026-02-27T14:09:37.178Z] GET /defective-items
[2026-02-27T14:09:37.187Z] GET /purchase-returns
[2026-02-27T14:09:38.218Z] GET /defective-items
[2026-02-27T14:09:40.248Z] GET /defective-items
[2026-02-27T14:09:44.265Z] GET /defective-items
[2026-02-27T14:09:47.193Z] GET /service-tools/requests
[2026-02-27T14:09:47.257Z] GET /reports/sales/summary
[2026-02-27T14:09:47.292Z] GET /reports/sales/transactions
[2026-02-27T14:09:47.299Z] GET /reports/purchases/summary
[2026-02-27T14:09:47.300Z] GET /reports/purchases/transactions
[2026-02-27T14:09:47.302Z] GET /reports/services/stats
[2026-02-27T14:09:47.304Z] GET /reports/services/transactions
[2026-02-27T14:09:47.364Z] GET /reports/services/technicians
[2026-02-27T14:09:47.434Z] GET /reports/services/parts-usage
[2026-02-27T14:09:47.469Z] GET /reports/profit-loss
[2026-02-27T14:09:47.567Z] GET /reports/stock-value
[2026-02-27T14:09:47.582Z] GET /reports/inventory/adjustments
[2026-02-27T14:09:47.606Z] GET /settings/general
[2026-02-27T14:09:50.827Z] GET /accounting/dashboard
[2026-02-27T14:09:52.586Z] GET /operational-costs
[2026-02-27T14:09:53.639Z] GET /auth/me
[2026-02-27T14:09:53.839Z] GET /accounting/dashboard
[2026-02-27T14:09:55.414Z] GET /accounting/liabilities/summary
[2026-02-27T14:09:55.421Z] GET /accounting/liabilities/suppliers
[2026-02-27T14:09:55.422Z] GET /accounting/liabilities/expenses
[2026-02-27T14:09:55.425Z] GET /accounting/liabilities/commissions
[2026-02-27T14:10:22.071Z] GET /accounting/register/status
[2026-02-27T14:10:24.682Z] GET /users
[2026-02-27T14:10:24.689Z] GET /settings/service
[2026-02-27T14:10:24.691Z] GET /service
[2026-02-27T14:10:24.693Z] GET /accounting/register/status
[2026-02-27T14:10:24.869Z] GET /accounting/register/status
[2026-02-27T14:10:24.977Z] GET /service
[2026-02-27T14:10:25.053Z] GET /service
[2026-02-27T14:10:26.636Z] GET /sales
[2026-02-27T14:10:28.837Z] GET /customers
[2026-02-27T14:10:32.330Z] GET /accounting/register/status
[2026-02-27T14:10:33.313Z] GET /accounting/register/status
[2026-02-27T14:10:39.751Z] GET /inventory/kanibal/forfeited-devices
[2026-02-27T14:10:39.760Z] GET /inventory
[2026-02-27T14:10:44.733Z] GET /inventory/gambling/dead-phones
[2026-02-27T14:10:56.362Z] GET /inventory/searchproduct
[2026-02-27T14:10:57.423Z] GET /inventory/searchproduct
[2026-02-27T14:10:59.446Z] GET /inventory/searchproduct
[2026-02-27T14:11:01.513Z] GET /categories
[2026-02-27T14:11:01.519Z] GET /devices
[2026-02-27T14:11:01.525Z] GET /inventory
[2026-02-27T14:11:01.529Z] GET /inventory/stats
[2026-02-27T14:12:12.440Z] GET /auth/me
[2026-02-27T14:12:37.082Z] GET /auth/me
[2026-02-27T14:14:04.500Z] GET /auth/me
[2026-02-27T15:33:16.421Z] GET /auth/me
[2026-02-27T15:33:20.785Z] GET /accounting/register/status
[2026-02-27T15:33:21.216Z] GET /accounting/register/status
[2026-02-27T15:33:24.777Z] GET /users
[2026-02-27T15:33:24.780Z] GET /settings/service
[2026-02-27T15:33:24.781Z] GET /service
[2026-02-27T15:33:24.798Z] GET /accounting/register/status
[2026-02-27T15:33:25.039Z] GET /service
[2026-02-27T15:33:25.074Z] GET /accounting/register/status
[2026-02-27T15:33:25.104Z] GET /service
[2026-02-27T15:33:26.417Z] GET /products
[2026-02-27T15:33:44.953Z] GET /auth/me
[2026-02-27T15:33:45.177Z] GET /products
[2026-02-27T15:33:54.667Z] GET /auth/me
[2026-02-27T15:33:57.131Z] GET /settings/store-info
[2026-02-27T15:33:58.698Z] GET /accounting/dashboard
[2026-02-27T15:34:59.151Z] GET /accounting/dashboard
[2026-02-27T15:35:15.498Z] GET /accounting/assets
[2026-02-27T15:35:15.505Z] GET /accounting/accounts
[2026-02-27T15:35:15.511Z] GET /settings/account-mappings
[2026-02-27T15:35:17.286Z] GET /accounting/dashboard
[2026-02-27T15:35:20.580Z] GET /accounting/accounts
[2026-02-27T15:35:25.582Z] GET /accounting/liabilities/summary
[2026-02-27T15:35:25.588Z] GET /accounting/liabilities/suppliers
[2026-02-27T15:35:25.589Z] GET /accounting/liabilities/expenses
[2026-02-27T15:35:25.594Z] GET /accounting/liabilities/commissions
[2026-02-27T15:35:27.930Z] GET /service-tools/requests
[2026-02-27T15:35:28.052Z] GET /reports/sales/summary
[2026-02-27T15:35:28.060Z] GET /reports/sales/transactions
[2026-02-27T15:35:28.073Z] GET /reports/purchases/summary
[2026-02-27T15:35:28.074Z] GET /reports/purchases/transactions
[2026-02-27T15:35:28.076Z] GET /reports/services/stats
[2026-02-27T15:35:28.078Z] GET /reports/services/transactions
[2026-02-27T15:35:28.104Z] GET /reports/services/technicians
[2026-02-27T15:35:28.118Z] GET /reports/services/parts-usage
[2026-02-27T15:35:28.125Z] GET /reports/profit-loss
[2026-02-27T15:35:28.154Z] GET /reports/stock-value
[2026-02-27T15:35:28.175Z] GET /reports/inventory/adjustments
[2026-02-27T15:35:28.193Z] GET /settings/general
[2026-02-27T15:35:29.653Z] GET /auth/me
[2026-02-27T15:35:32.845Z] GET /auth/me
[2026-02-27T15:35:32.973Z] GET /service-tools/requests
[2026-02-27T15:35:33.022Z] GET /reports/sales/summary
[2026-02-27T15:35:33.047Z] GET /reports/sales/transactions
[2026-02-27T15:35:33.062Z] GET /reports/purchases/summary
[2026-02-27T15:35:33.064Z] GET /reports/purchases/transactions
[2026-02-27T15:35:33.065Z] GET /reports/services/stats
[2026-02-27T15:35:33.066Z] GET /reports/services/transactions
[2026-02-27T15:35:33.080Z] GET /reports/services/technicians
[2026-02-27T15:35:33.090Z] GET /reports/services/parts-usage
[2026-02-27T15:35:33.099Z] GET /reports/profit-loss
[2026-02-27T15:35:33.109Z] GET /reports/stock-value
[2026-02-27T15:35:33.112Z] GET /reports/inventory/adjustments
[2026-02-27T15:35:33.132Z] GET /settings/general
[2026-02-27T15:35:36.000Z] GET /brands
[2026-02-27T15:35:36.006Z] GET /devices
[2026-02-27T15:35:37.300Z] GET /products
[2026-02-27T15:36:34.684Z] GET /auth/me
[2026-02-27T15:36:41.535Z] GET /accounting/register/status
[2026-02-27T15:43:16.009Z] GET /inventory/searchproduct
[2026-02-27T15:43:17.037Z] GET /inventory/searchproduct
[2026-02-27T15:43:18.084Z] GET /suppliers
[2026-02-27T15:43:35.200Z] POST /suppliers
[2026-02-27T15:43:35.402Z] GET /suppliers
[2026-02-27T15:43:35.454Z] GET /
[2026-02-27T15:43:40.571Z] GET /categories
[2026-02-27T15:43:40.573Z] GET /suppliers/SUP-6A1E5152/categories
[2026-02-27T15:43:40.622Z] GET /suppliers
[2026-02-27T15:43:40.653Z] GET /inventory/suppliers/SUP-6A1E5152/variants
[2026-02-27T15:43:41.693Z] GET /inventory/suppliers/SUP-6A1E5152/variants
[2026-02-27T15:43:43.719Z] GET /inventory/suppliers/SUP-6A1E5152/variants
[2026-02-27T15:43:47.750Z] GET /inventory/suppliers/SUP-6A1E5152/variants
[2026-02-27T15:43:50.471Z] GET /suppliers
[2026-02-27T15:43:50.478Z] GET /
[2026-02-27T15:43:52.141Z] GET /suppliers
[2026-02-27T15:43:52.143Z] GET /categories
[2026-02-27T15:43:52.146Z] GET /suppliers/SUP-6A1E5152/categories
[2026-02-27T15:43:52.149Z] GET /inventory/suppliers/SUP-6A1E5152/variants
[2026-02-27T15:43:53.169Z] GET /inventory/suppliers/SUP-6A1E5152/variants
[2026-02-27T15:43:55.188Z] GET /inventory/suppliers/SUP-6A1E5152/variants
[2026-02-27T15:43:59.210Z] GET /inventory/suppliers/SUP-6A1E5152/variants
[2026-02-27T15:44:02.676Z] GET /accounting/liabilities/summary
[2026-02-27T15:44:02.699Z] GET /accounting/liabilities/suppliers
[2026-02-27T15:44:02.882Z] GET /accounting/liabilities/expenses
[2026-02-27T15:44:02.914Z] GET /accounting/liabilities/commissions
[2026-02-27T15:44:06.895Z] GET /users
[2026-02-27T15:44:06.938Z] GET /settings/service
[2026-02-27T15:44:06.942Z] GET /service
[2026-02-27T15:44:06.944Z] GET /accounting/register/status
[2026-02-27T15:44:07.288Z] GET /service
[2026-02-27T15:44:07.341Z] GET /accounting/register/status
[2026-02-27T15:44:07.365Z] GET /service
[2026-02-27T15:44:14.008Z] GET /accounting/register/status
[2026-02-27T15:44:14.100Z] GET /accounting/register/status
[2026-02-27T15:44:16.474Z] POST /accounting/register/open
[2026-02-27T15:44:21.447Z] GET /sales
[2026-02-27T15:44:30.581Z] GET /sales
[2026-02-27T15:45:18.737Z] GET /accounting/register/status
[2026-02-27T15:45:21.126Z] GET /sales
[2026-02-27T15:45:26.510Z] GET /inventory/gambling/dead-phones
[2026-02-27T15:50:14.949Z] POST /auth/logout
[2026-02-27T15:50:15.524Z] GET /auth/me
[2026-02-27T15:50:18.361Z] GET /auth/me